Calatrix

Level 1 of the Dungeon
(0, 0, D:1)
  a +0 short sword
(4, -25, D:1)
  a +0 spear
(4, -22, D:1)
  22 poisoned needles
(6, -7, D:1)
  a +0 mace
(8, 1, D:1)
  a +0 spear
(9, -20, D:1)
  a +0 dagger
(9, -13, D:1)
  a +0 club
(10, -21, D:1)
  a cursed -2 club
(11, -26, D:1)
  19 arrows
(11, -22, D:1)
  a stone
(12, -22, D:1)
  a +0 whip
  a +0 dagger
(13, -35, D:1)
  a +0 dagger
(14, -35, D:1)
  a +0 club
(19, -39, D:1)
  a +0 hand axe
(40, -33, D:1)
  22 sling bullets
(42, -5, D:1)
  16 stones
(43, 5, D:1)
  a +0 club
  3 stones
(44, -25, D:1)
  a +0 dagger
(48, -26, D:1)
  18 arrows
(49, 11, D:1)
  13 poisoned needles
(59, -30, D:1)
  12 stones

Level 2 of the Dungeon
(0, 0, D:2)
  a +0 leather armour
(11, -41, D:2)
  18 stones
(17, 7, D:2)
  a stone
(18, 10, D:2)
  a +0 club
  a stone
(26, -2, D:2)
  7 arrows
(31, 11, D:2)
  24 stones
(34, -38, D:2)
  12 stones
(36, -16, D:2)
  a +0 whip
(45, 6, D:2)
  a +0 club
(46, -12, D:2)
  a +0 club
(56, -26, D:2)
  12 bolts
(56, -22, D:2)
  a +2 vampiric short sword

Level 3 of the Dungeon
(0, 0, D:3)
  a cursed +0 club
  a +0 hand axe
  a +0 flail
(2, -19, D:3)
  2 stones
(3, -15, D:3)
  a +0 hand axe
(6, 14, D:3)
  a +0 mace
(7, -18, D:3)
  a +0 club
  a +0 hunting sling
  26 stones
(11, 8, D:3)
  a +0 club
(17, 6, D:3)
  25 sling bullets
(18, -17, D:3)
  a +0 shortbow
(35, -19, D:3)
  a +0 club
(35, 11, D:3)
  a +0 dagger

