                      ..               
       .#           ##.#               
       ...####### ##...##              
        #.#..(..###.#...##             
        #.............?..##            
         #.......##.....$.#            
         #..........?.....#            
         #.............>..#            
         #......##..?.....#            
         ##..†..###(......#            
          #.(†........?..##            
###########..5..5####...##             
#.....(...(...w5(.......$#             
#..(<.........(###########             
#..(......####w#                       
###########  #§#                       
             #.#                       
         #####.####                    
         #....w...#                    
         #..[....<#####################
         #.........ws..†..wsggg.g......
         #.......(#####################
         #........#                    
         #........#                    
         #........#                    
         ##########                    
