Elisorth

Level 1 of the Dungeon
(0, 0, D:1)
  33 stones
(0, 13, D:1)
  a cursed -1 club
  a +0 dagger
(5, -1, D:1)
  a +0 mace
(20, 1, D:1)
  a stone
(32, 21, D:1)
  a +0 dagger
(32, 25, D:1)
  a +0 short sword
(34, 23, D:1)
  a +0 club
  17 poisoned needles
(38, 10, D:1)
  a +0 club
(40, 30, D:1)
  a +0 dagger

Level 2 of the Dungeon
(0, 0, D:2)
  19 arrows
(1, -31, D:2)
  a +0 mace
(1, -16, D:2)
  17 arrows
(5, -36, D:2)
  26 stones
(11, -36, D:2)
  a +0 club
(11, -1, D:2)
  a +0 dagger
  a +0 robe
(12, -37, D:2)
  a +0 dagger
(13, 6, D:2)
  a +0 dagger
  3 stones
(19, -18, D:2)
  a +0 dagger
(21, -16, D:2)
  a +0 club
(23, -2, D:2)
  a +0 hunting sling
(24, -16, D:2)
  24 stones
(24, 0, D:2)
  a +0 dagger
(27, -21, D:2)
  a +0 hunting sling
(32, -33, D:2)
  26 bolts
(35, -37, D:2)
  a +0 dagger
(37, -40, D:2)
  22 bolts
(41, -38, D:2)
  a +0 short sword

Level 3 of the Dungeon
(0, 0, D:3)
  a +0 short sword
  a stone
(2, -2, D:3)
  a stone
(3, -3, D:3)
  a stone
(3, 31, D:3)
  a +0 dagger
(9, 41, D:3)
  a +0 dagger
(31, 13, D:3)
  14 poisoned needles
(32, -3, D:3)
  17 sling bullets
(36, 5, D:3)
  a +0 hand axe
  a +0 ring mail
  a +0 leather armour
  a +0 hand axe
(36, 6, D:3)
  a cursed -1 trident
(40, 5, D:3)
  16 stones
(43, 1, D:3)
  a stone
(44, 3, D:3)
  a +0 short sword
(49, -9, D:3)
  a +0 mace
(51, -13, D:3)
  a +0 ring mail
(51, -3, D:3)
  a +0 flail
  a cursed +0 chain mail

Level 4 of the Dungeon
(0, 0, D:4)
  20 poisoned needles
(2, -8, D:4)
  a +0 dagger
(4, 6, D:4)
  a +2 trident of protection
(4, 7, D:4)
  a +0 dagger
  a cursed -3 short sword
  a +0 leather armour
  a +0 short sword
  a +0 dagger
(7, 14, D:4)
  a +0 scale mail
  a +2 dagger of venom
(7, 15, D:4)
  a +0 dagger
(8, 13, D:4)
  a +0 ring mail
  a +0 dagger
  a +0 robe
(10, 14, D:4)
  a throwing net
(14, -15, D:4)
  a +2 falchion of holy wrath
  a +0 club
  a +0 war axe
  a +0 ring mail
  a +0 club
  a +0 leather armour
  a cursed -2 hand axe
  a +0 leather armour
  a +0 dagger
  a +0 leather armour
  a +0 whip
  a +0 leather armour
  a cursed +0 mace
  a +0 scale mail
  a +0 trident
(14, -8, D:4)
  8 curare-tipped needles
(25, -13, D:4)
  a +0 ring mail
(26, -16, D:4)
  a throwing net
(38, -5, D:4)
  a cursed +0 giant club
(42, -13, D:4)
  a +0 leather armour
(45, -9, D:4)
  a +0 ring mail

Level 5 of the Dungeon
(0, 0, D:5)
  a ration
(2, -3, D:5)
  5 gold pieces
(2, 6, D:5)
  a bullfrog corpse
(16, 7, D:5)
  a +0 short sword
(20, 1, D:5)
  a cursed -3 whip
  a gnoll skeleton
(20, 2, D:5)
  a +0 club
  a +0 spear
  a gnoll skeleton
(20, 3, D:5)
  a cursed -1 hand axe
  a +0 leather armour
(30, 22, D:5)
  a +0 mace
(33, -8, D:5)
  a +0 ring mail
(42, 15, D:5)
  a +0 shortbow

the Ecumenical Temple

