                       #######                            
                       #.....#                            
                       #.....#                            
      ##################.....#                            
      #>.....................#                            
#######.################.....#                            
#........################.######..                        
#.............w..w(.......).......                        
#........#################.#####..                        
#...†....#               #.#                              
#........#               #.##                             
#..†...†w#               #..#              .#.#.#         
#........#          .######.######.########.#.#.#         
#...............    ...........................>#         
#........#...b##    .#####......... #...........          
 ........#...†#          #.#.###### #.........###         
 #######.. .....         #.#.##     #...........#         
       #.. .....         #.#..#     #.........#           
       #..  ....         #.##.###   #.........#           
       #... ....         #......#   #.........#           
                         ####...#   #.........#           
                            ##..#   #.........#           
                          ####..#   #.#.†.##########      
                     ######.....#####.#............#      
                     ..............##.#............#      
                     ..............##.##...........#      
                     †.............##.##...........#   .# 
                     ..............##.##...........#  #.# 
                     ..............#..........[....#  #.# 
                     ######.....#.##...............#  #.# 
                          #.....#..#...............#  #.# 
                          #.....##.#...............#  #.# 
                          #.....##.##.##...........####.# 
                          #.....##.##.##########(.).)...# 
                          #.....##..#.#        #.######.# 
                         .##....###†#.#        #.#    #.# 
                         .......# #...#        #.#    #.# 
                         .......####..###      #.#    #.# 
                         ...............#      #.#    #.# 
                         .......####..#.#      #.     #.##
                         ............>#...            #..#
                         ...(...##############        ##.#
                         .......    ##.#  ##.#        ##.#
                         .......   ##..# ##..#       ##..#
                         .....†w  ##...###...#      ##...#
                         ....... ##..<.##....#     ##....#
                         ....... #.....'.....#    ##.....#
                         ....... #####+#####'#   ##...#..#
                                    ##.#  ##.#  ##...##..#
                                   ##..# ##..# ##...###..#
                                  ##...###...###...## #..#
                                 ##....##..(.##...#### ..#
                                 #.....'.....'.........   
                                 ######################   
