                        #######                            
              #######   #.....#   #############            
              #.....#   #.....#####...........#            
           ####.....#####.._............#####.#            
      ######.†...................##.###.#   #.#            
      #.......#.....####......##.##.# #.#   #.#            
      #.####.#......#...##.####..##.###.#   #.#            
      #.#  ##.#######.#.##.......#...##.#   #.#            
      #.#   #.#   ##....#####.#.........#####.#            
      #.#   #.#####.....#   #.#.##......<..##.#            
      #.#   #.##........#   #.#.###..#####.##.#            
      #.#####.##.##.....#   #.#.# #..#   #.##.#            
      #..........###....#   #.#.# #..#   #....#            
      #.##.......###..#.#   #.#.# ##.#   #.####            
      #>##.##.##........#   #.#.#  #.#####.###             
  #####.##.##.##.####.#.#   #.#.#  #.........#             
  #.....##.#.....####.#.#####.#.#  ####.####.#             
  #.###.##.##.#..#..............#######.#  #.#             
  #.# #.##.####..#.##.#.##....)......##.#  #.#             
  #.# #..#............#.##.#########.##.#  #.#             
###.####.######..#.####.##.#       #.##.####.#             
#............>...#.# ##....#       #.##...)..#             
#.#.####.#####.....###.....#       #.######..#             
#.#.#  #.#   #.............#       #.#    #..#             
#.#.#  #.#   ###.#####.....#       #.#    #..#             
#.#.####.##### #.#   ##...##########.#### #..#             
#.#.##.......# #.##   ##.####...........###..#             
#.#.##.#.###.###[.#    #.# #..#########..##..############  
#.#.##.#..........#    #.# #.##...©...##.##..............  
#.#.##.#..##.######    #.# #.#8..#.#..8#.###.##.####..##.. 
#.#.......##>###########.###.#..#...#$c#.....#............ 
#.####.......................#.......$a#...###...#...#.... 
#.#  #..#.##.####...........©#..©....$a#©..# #...#.(.#  .# 
#.#  #..#.##.#  #.#######....#?......%S#..## #.###...###.# 
#.#  #..#.##.#  #.# ### #..#.#..#...#=$#...# #...........# 
#.####..#.##.#  #.#######..#.#8..#.#..8#.#.###..(..>..(..# 
#...##..#.##.#  #.+.._.÷'.##.##.......##.#.#.............# 
###.##.......#  #.###.###.##..#########....#.#.###...###.# 
  #.###.#...##  #.# #.# #.###...........##.# #.  #.(.#...##
  #.# #.###.#####.###'###..#######.#.##.##.# #..:#...#!...#
  #(# #.###................#######.#.......# #......g5....#
  #.# #.....#######...>.........<....##.##.# ##..########.#
  #.# #####.#     ###########.#########.##.#  #.#          
  #.#     #.#               #.#       #.##.# ...           
  #.#     #.#               #.#       #.##.####            
  #.#     #.#               #.#       #.##..##             
  #.#     #.#        ########.#       #.##.#.##            
  #.#     #.#        #.....##.#       #...###.##           
  #.#     #.#       ##.....##.#       #..## ##.##          
  #.#     #.#########.........#########.##   ##.#          
  #.#     #.................##...........## ##.#####.      
  #.#     ############...)..##............###........#     
  #.#                ###.##.##.########.##.#.#########     
  #.#                  #.##.##.########.###.##             
  #.###############    #..................^.#              
  #.............<.#    #######...<......###.#              
  ###############.############.####.#######.#              
                #..............#  #.........#              
                ################  ###########              
