Korbanola

Level 1 of the Dungeon
(0, 0, D:1)
  a +0 robe
(7, -5, D:1)
  a +0 robe
(14, -21, D:1)
  a +0 dagger
(23, -3, D:1)
  a +0 club
(28, 13, D:1)
  7 tomahawks
(43, 29, D:1)
  a +0 club

Level 2 of the Dungeon
(0, 0, D:2)
  a +0 hunting sling
(13, 43, D:2)
  a +0 dagger
(15, -7, D:2)
  a +0 helmet
(20, 21, D:2)
  a +0 mace
(29, 28, D:2)
  a +0 short sword
(33, 40, D:2)
  a +0 robe
(34, 39, D:2)
  a +0 club
(38, 43, D:2)
  a +0 short sword
(44, 12, D:2)
  a +0 dagger
(45, 12, D:2)
  a +0 club
  a +0 trident
(46, 12, D:2)
  a +0 hunting sling
  a +0 club
  a +0 hunting sling
  a +0 dagger
(50, 6, D:2)
  a +0 spear
  a +0 animal skin
  a +0 helmet
(51, 6, D:2)
  a +0 club
(54, 9, D:2)
  a +0 dagger
(55, 10, D:2)
  a +0 club

Level 3 of the Dungeon
(0, 0, D:3)
  a +0 club
  a kobold skeleton
(3, -2, D:3)
  a +0 ring mail
  an orc skeleton
(4, 17, D:3)
  a +0 flail
(6, -4, D:3)
  a +0 robe
(30, 8, D:3)
  a cursed -2 club
(34, 21, D:3)
  13 poisoned needles
(38, 20, D:3)
  a cursed +0 club
(51, -13, D:3)
  a +0 mace
  a +0 club

