                     .......                 
                     .......                 
                     .......    #            
                     ......>   .#            
                     .......###.###          
                     .............#          
                     .............#          
                       #.##..##.#.#          
                      ##.##..##.#.#          
                      #.........#.#          
               ########.###.......#          
               .........###..#..#.#          
                 #................########   
           .#    #.......[#..#.##.........   
         ##.#    #<.....###..#.##..######    
         ....    #..........>..##..#         
         #..#  # #####...>#.#####.(#         
         #.l##.#.#   #....#........#         
         #.......#   #......######.##        
   .gg####.......#   ##...###    #..#        
   .......<....w.#    #...#    ####.####     
   ........###.#.#    #...######.......#     
   ...#.....           ..........##.##.###   
   . ...#..##.           ..................  
   ...........           ........##..#.###.  
   .....#..#.###         .######.##..#.#     
   ............                #.##..#.#     
   ####.##....#                #.......#     
      #.#  #..#     ###        ####.####     
#.#####.####..##### #..           #.#..      
.....<........w5..###.#           #.#.#      
 ...###.#.##..##...##.#           #.#.#      
      #.#.##....###.).#           #..)#      
      #.#.......# #...####        ###.#      
      #.####.#..###......##w#########.#####.#
      #.####.#.#...#.<......................#
      #...........##.#...##w# #..####.#######
      #####..........###....# #..####.#      
          #.......###  #.#### #. ...#.#      
          #.......######.####  #.##.#.#      
          #.................#  #......#      
          #.......###.......#######.###      
          #.......###.......##.......##      
          ####...÷.##.......##.##.###.#      
             ##.##.##.......##.##.# #.#      
              #.............##.##.###.#      
              ####.##).......#.##....##      
                 #.####.####.#.......#       
                 #.#  #.####.####.####       
                 #.####.#.........#          
                 #.##.....##.######          
                 #....#.####.#               
                 ######......#               
                      ########               
