Tronkkor

Level 1 of the Dungeon
(0, 0, D:1)
  25 stones
(1, 20, D:1)
  a +1 short sword of freezing
  3 stones
(2, 25, D:1)
  27 arrows
(11, 13, D:1)
  a +0 club
(14, 14, D:1)
  a +0 hunting sling
(24, 23, D:1)
  a +0 mace
(26, 6, D:1)
  2 stones
(27, 8, D:1)
  a cursed -3 short sword
(28, 7, D:1)
  a stone
(29, 10, D:1)
  a cursed +0 club
(30, 1, D:1)
  a cursed -2 whip
(32, 8, D:1)
  a stone
(40, 14, D:1)
  21 stones
(43, 33, D:1)
  19 stones
(45, 27, D:1)
  29 sling bullets
(47, 22, D:1)
  20 stones
(54, 11, D:1)
  9 poisoned needles

Level 2 of the Dungeon
(0, 0, D:2)
  28 arrows
(5, 50, D:2)
  a +0 plate armour
(6, 11, D:2)
  18 arrows
(9, 40, D:2)
  a +0 short sword
(13, 2, D:2)
  a +0 short sword
(20, 8, D:2)
  a +0 club
(22, 4, D:2)
  a +0 leather armour
(23, 10, D:2)
  a +1 dagger of venom
(33, 28, D:2)
  a +0 robe
(34, 9, D:2)
  8 curare-tipped needles
(36, 9, D:2)
  18 stones
(48, 33, D:2)
  a throwing net
(48, 49, D:2)
  a +0 short sword
(56, 26, D:2)
  a +0 club
(58, 20, D:2)
  a cursed -2 ring mail

Level 3 of the Dungeon
(0, 0, D:3)
  a +0 dagger
  a +0 hunting sling
  22 stones
(2, 2, D:3)
  a stone
(3, 3, D:3)
  a stone
(6, 23, D:3)
  8 arrows
(12, -2, D:3)
  11 stones
(14, 34, D:3)
  a poisoned tomahawk
(16, 34, D:3)
  a poisoned tomahawk
(18, 34, D:3)
  a +0 mace
  a +0 club
  a +0 leather armour
  a +0 dagger
  a +0 robe
  3 poisoned tomahawks
(32, 21, D:3)
  a stone
(32, 23, D:3)
  3 stones
  a kobold corpse (skeletalised by now)
(32, 25, D:3)
  a +0 club
  a kobold corpse (skeletalised by now)
(33, 18, D:3)
  a +0 club
(33, 20, D:3)
  a stone
(34, 5, D:3)
  a +0 hunting sling
  13 stones
(34, 19, D:3)
  a goblin skeleton
(35, 19, D:3)
  2 stones
(36, 6, D:3)
  a ball python skeleton
(36, 19, D:3)
  a stone
(36, 20, D:3)
  2 stones
(39, 10, D:3)
  12 arrows
(42, 1, D:3)
  22 bolts
(43, 19, D:3)
  a +2 vampiric dagger
  a kobold corpse (skeletalised by now)
(43, 22, D:3)
  a +0 whip
  a kobold corpse (skeletalised by now)
(43, 23, D:3)
  19 stones
(48, -7, D:3)
  3 sling bullets
(55, 40, D:3)
  a +0 dagger

Level 4 of the Dungeon
(0, 0, D:4)
  20 stones
(5, 2, D:4)
  17 poisoned needles
(8, 1, D:4)
  a +0 dagger
(12, 6, D:4)
  24 arrows
(14, 2, D:4)
  a +0 hand axe

