Slithripe

Level 1 of the Dungeon
(0, 0, D:1)
  a +0 short sword
(6, -35, D:1)
  20 arrows
(8, 15, D:1)
  a +0 ring mail
(9, -8, D:1)
  a +0 dagger
(12, -1, D:1)
  3 stones
(12, 1, D:1)
  a +0 dagger
(13, -33, D:1)
  13 stones
(25, 7, D:1)
  a +0 club
(30, -15, D:1)
  20 stones
(31, 10, D:1)
  a +0 club
(33, 1, D:1)
  a +0 club
(33, 6, D:1)
  16 arrows
(35, 1, D:1)
  24 sling bullets
(38, 13, D:1)
  a +0 dagger
(42, -4, D:1)
  a +0 club
(45, 3, D:1)
  a cursed -2 club

Level 2 of the Dungeon
(0, 0, D:2)
  17 sling bullets
(2, -5, D:2)
  a +0 club
(4, -1, D:2)
  4 stones
(4, 37, D:2)
  a +0 short sword
(6, 29, D:2)
  a +0 hunting sling
(8, -2, D:2)
  a +0 chain mail
(15, 28, D:2)
  16 bolts
(15, 37, D:2)
  a +0 club
  a +0 short sword
(20, 27, D:2)
  a +0 mace
(25, -9, D:2)
  a +0 hand axe
(29, 30, D:2)
  a +0 dagger
(30, 30, D:2)
  a +0 dagger
(34, 30, D:2)
  a +0 ring mail
(39, 8, D:2)
  a cursed -3 dagger
(42, -16, D:2)
  a +0 hunting sling
(48, -8, D:2)
  a +0 club
  a +0 hunting sling
  20 stones
(49, -6, D:2)
  a +0 club
(49, 39, D:2)
  a +0 leather armour
(54, 17, D:2)
  a +0 dagger

Level 3 of the Dungeon
(0, 0, D:3)
  a tomahawk
(0, 1, D:3)
  a tomahawk
(0, 3, D:3)
  a +0 hand axe
  a cursed -2 dagger
(0, 5, D:3)
  a +0 club
(3, 0, D:3)
  a +4 dagger
  a tomahawk
  a cursed +0 ring mail
(4, 0, D:3)
  a +0 falchion
(4, 12, D:3)
  a +0 club
(6, 37, D:3)
  a +0 short sword
(7, 1, D:3)
  a tomahawk
(7, 2, D:3)
  a +0 dagger
(10, 27, D:3)
  a +0 pair of gloves
(14, 5, D:3)
  a +0 dagger
(19, 10, D:3)
  an uncursed ring of teleportation
(24, 30, D:3)
  15 arrows
(27, 0, D:3)
  a +0 club
(36, 32, D:3)
  6 tomahawks of returning
(42, 25, D:3)
  a +0 short sword
  3 stones
(48, 10, D:3)
  a +0 club

Level 4 of the Dungeon
(0, 0, D:4)
  a +0 short sword
(1, 19, D:4)
  23 stones
(2, 19, D:4)
  22 arrows
(14, 33, D:4)
  a +0 hunting sling
(16, 3, D:4)
  a +0 ring mail
  4 exploding tomahawks
(18, 3, D:4)
  a +0 leather armour
  a +0 short sword
(19, 6, D:4)
  16 stones
(20, 3, D:4)
  a +2 mace of crushing
(21, 3, D:4)
  a +0 club
(21, 4, D:4)
  16 stones
(29, 20, D:4)
  a +0 falchion
  a +0 leather armour
(34, 27, D:4)
  a +0 leather armour
(36, 24, D:4)
  25 stones
(42, 16, D:4)
  a +0 naga barding

Level 5 of the Dungeon
(0, 0, D:5)
  a +0 dagger
(1, 8, D:5)
  a +0 hand axe
(2, 8, D:5)
  a +0 flail
  a +0 scale mail
(2, 9, D:5)
  a +0 long sword
  a +0 robe
  a +0 flail
  a +0 leather armour
(4, -15, D:5)
  a +0 chain mail
(15, -3, D:5)
  a +0 hand axe
(22, -1, D:5)
  a +0 club
(22, 35, D:5)
  24 arrows
(24, 8, D:5)
  a +0 hand axe
  a +0 chain mail
(33, -6, D:5)
  a +0 flail
  a cursed +0 leather armour
(41, 23, D:5)
  a +0 robe
(43, -10, D:5)
  a cursed +0 leather armour
(45, 23, D:5)
  a +0 war axe
(53, 20, D:5)
  a +0 robe
(54, 20, D:5)
  a +0 dagger
  a +0 robe
  a +0 whip
(55, 20, D:5)
  a +0 falchion
(58, 6, D:5)
  a +2 hunting sling of flaming

Level 6 of the Dungeon
(0, 0, D:6)
  a +0 short sword of freezing
(6, 21, D:6)
  a +0 shortbow
  31 arrows
(8, 21, D:6)
  a +0 flail
  a +0 leather armour
(10, 21, D:6)
  a +0 club
(15, 11, D:6)
  an uncursed ring of resist corrosion
(19, 30, D:6)
  a +1 ring mail of fire resistance
(23, 13, D:6)
  a +0 robe
  a +0 dagger
(24, 30, D:6)
  a +0 falchion
  a +0 ring mail
(28, 10, D:6)
  a +0 chain mail
  a +0 long sword
(29, 12, D:6)
  a +0 hand axe
(35, 22, D:6)
  an arrow
(35, 23, D:6)
  an arrow
(38, 24, D:6)
  2 arrows
(42, 25, D:6)
  a +0 shortbow
  20 arrows

Level 7 of the Dungeon
(0, 0, D:7)
  a +0 rapier
(3, 8, D:7)
  a +0 whip of freezing
  a +0 robe
(8, 7, D:7)
  a +0 chain mail
  a +0 flail
(9, -10, D:7)
  a +0 giant spiked club
(9, 8, D:7)
  a +0 leather armour
  a +0 whip
(10, 8, D:7)
  a +0 leather armour
  a +0 club
  a +0 chain mail
  a +0 morningstar
(11, -5, D:7)
  a +0 ring mail
(11, 8, D:7)
  a +0 leather armour
  a +0 flail
(27, -22, D:7)
  17 stones
(41, 19, D:7)
  a +0 leather armour
(42, -13, D:7)
  13 arrows
(51, 15, D:7)
  a +0 dagger
  a +0 chain mail
(52, 15, D:7)
  a +0 flail
  a +0 leather armour
  an orc corpse (skeletalised by now)
(53, -11, D:7)
  a bullfrog corpse (skeletalised by now)
(55, 13, D:7)
  a +0 dagger
  a cursed +0 scale mail
(58, -7, D:7)
  28 bolts
(58, 9, D:7)
  a cursed -3 dagger
  a +0 robe
(65, -9, D:7)
  a +1 rapier of holy wrath
  a +0 scale mail
  the elf corpse of Duvessa (skeletalised by now)
(66, -10, D:7)
  a +0 dagger
  a +0 robe

Level 8 of the Dungeon
[Shop] Giajinit's General Store
  a cursed +0 leather armour (1 gold)
  a scroll of remove curse (48 gold)
  2 potions of haste (320 gold)
  a ration (80 gold)
  a +0 demon whip of electrocution (632 gold)
  a +3 long sword of draining (372 gold)
  a scroll of identify (32 gold)
  16 arrows (51 gold)
  the cursed +2 rapier of Strategic Superiority {pierce, *Noise Dex+4} (398 gold)
    It inflicts extra damage upon your enemies.
    
    It affects your dexterity (+4).
    It may make noises in combat.
    It has a curse placed upon it.
  a ration (80 gold)
  a +0 ring mail (64 gold)
  a scroll of remove curse (48 gold)
(0, 0, D:8)
  a scroll of enchant armour
(1, 1, D:8)
  a scroll of identify
(1, 4, D:8)
  a +0 shortbow
  16 arrows
  a centaur corpse
(5, 1, D:8)
  a +1 pair of boots
(9, -4, D:8)
  a scroll of identify
(12, -14, D:8)
  a +0 club
  (unseen)
(12, -10, D:8)
  an arrow
(13, -21, D:8)
  19 gold pieces
(13, -18, D:8)
  an arrow
(13, -14, D:8)
  an arrow
(17, -17, D:8)
  16 gold pieces
(17, -2, D:8)
  a scroll of identify
(17, 1, D:8)
  a +0 quarterstaff
(18, -17, D:8)
  an arrow
  a +0 club
  a throwing net
(20, -15, D:8)
  a +2 trident of piercing
  (unseen)

