Trenaxrus

Level 1 of the Dungeon
(14, 16, D:1)
  a +0 club
(15, -23, D:1)
  a +0 spear
(17, 22, D:1)
  a +0 ring mail
(23, -7, D:1)
  13 sling bullets
(27, 38, D:1)
  a +0 dagger
(28, 6, D:1)
  a +0 club
(29, 0, D:1)
  3 tomahawks
(34, 19, D:1)
  a +0 club
(34, 36, D:1)
  a +0 club
(39, 8, D:1)
  2 stones
(40, 8, D:1)
  a stone
(43, 10, D:1)
  a +0 whip
(46, -2, D:1)
  a +0 club
(47, 15, D:1)
  a +0 club
(48, 17, D:1)
  a +0 spear
(58, -3, D:1)
  a +0 ring mail
(60, 9, D:1)
  a +0 club

Level 2 of the Dungeon
(0, 0, D:2)
  a +1 mace of holy wrath
(6, -4, D:2)
  a +0 hunting sling
(8, -2, D:2)
  a +0 club
(12, -16, D:2)
  8 javelins
(23, -24, D:2)
  a +0 club
(24, -44, D:2)
  a +0 chain mail
(24, -9, D:2)
  a +0 whip of draining
(25, -9, D:2)
  5 stones
(34, -20, D:2)
  a +0 helmet
(58, -43, D:2)
  a +0 leather armour
(63, -27, D:2)
  17 stones

Level 4 of the Dungeon
(0, 0, D:4)
  a scroll of identify
(2, 7, D:4)
  13 poisoned needles
(4, -13, D:4)
  a +0 short sword
(6, -4, D:4)
  15 gold pieces
(10, -15, D:4)
  a +0 club
(10, -5, D:4)
  a scroll of teleportation
(13, -7, D:4)
  2 scrolls of teleportation
(23, -24, D:4)
  15 sling bullets

