  ###########                                        
 ##(.Z.(....##                                       
##.h$h.......#                                       
#....o........#                                      
#.............#                                      
#....o........#               ...                    
#.............#               .#.#      #.$......    
#.............#               ##...     #...Y....    
##...........##                .W..     .........    
 ##.........##                   ...    #........    
  #####.#####                     #.### #..(....     
      #.##                        #...###.#..#       
      #..#####                      #..)#...#        
      #..#...#                      ###....#         
      #..#...#                        ###.##         
     ##..#.o.##..         ####        ###.#          
     #...(.....o..        ....        #...#          
     #.##....###.#        .....     ###.###          
     #. #....#             ....######...#            
     #. #....#             ......##...######         
     #. #....#               ###....###  #.#         
     #. #.####               #....###    #.#         
        #.#                 #..#...#     #.#         
        #.#               .... ###.##   ##H#         
                          ..     #..#####KK#         
                          ...    ##...##(.##         
                            ..#######..Z(####.##     
                              ....#####.(.......     
                         #######........).....####   
                         ........................)#  
                         .o.@...<#...##.[..........#.
                         ###########................#
                                   # #....$.........#
                                     #..............#
                                    ##..............#
                                    #.ao.........>..#
                                    ###............# 
                                      ##..........#  
                                       ############  
