Khelnoris

Level 1 of the Dungeon
(0, 0, D:1)
  a +0 dagger
(5, -21, D:1)
  a stone
(6, -22, D:1)
  a stone
(7, -24, D:1)
  2 stones
(11, -25, D:1)
  a +0 club
(11, -6, D:1)
  19 stones
(12, 4, D:1)
  a cursed -2 dagger
(14, -4, D:1)
  4 stones
(16, -3, D:1)
  a +0 dagger
(16, 9, D:1)
  a +0 whip
(17, -3, D:1)
  a stone
(21, -25, D:1)
  5 large rocks
(25, -34, D:1)
  a +0 dagger
(25, -31, D:1)
  a stone
(25, -29, D:1)
  a stone
(38, -12, D:1)
  a +0 club
(42, 11, D:1)
  14 stones
(43, -28, D:1)
  a +0 short sword
  a +0 club
(44, -21, D:1)
  a +0 robe
(44, 6, D:1)
  11 poisoned needles
(45, -10, D:1)
  a +0 club
(47, -26, D:1)
  a +0 club
(47, -7, D:1)
  a +0 dagger
(52, -12, D:1)
  a +0 dagger
(53, -13, D:1)
  a +2 dagger of venom

Level 2 of the Dungeon
(0, 0, D:2)
  a goblin skeleton
(0, 1, D:2)
  a +0 club
(1, 9, D:2)
  a stone
(2, -2, D:2)
  a +0 club
(3, -10, D:2)
  11 gold pieces
(4, 0, D:2)
  16 stones
(6, -13, D:2)
  a cursed -1 dagger
  (unseen)
(7, -13, D:2)
  a +0 short sword (still there?)
  a +0 dagger (still there?)
  a +0 robe (still there?)
(7, -11, D:2)
  a potion of brilliance
(8, 9, D:2)
  a stone
(9, -16, D:2)
  an adder corpse
(9, -10, D:2)
  a +4 ring of strength
(10, -16, D:2)
  a +0 hand axe
(12, -9, D:2)
  a cursed -2 falchion
  a +0 leather armour
(14, -15, D:2)
  a scroll of identify
(20, 2, D:2)
  19 stones
(21, 7, D:2)
  a +0 helmet

