                                      #.        
                                    ###.########
                                    #.e.........
                                    #.#.#......#
                                    #.#.#......#
                                    #.#.#......#
               .......   ############K#....#....
               #.....  . ............5e[.e.'....
               #>...  .. .<......#.....§...#....
      #######  #...##..########..#.#..###### ###
      #.....#  #...... ..........#.#.....       
      #.###.#  #...#########.....#.#.#####      
     ##+###.####.........  +.......#.#          
     #......##..<#.###### ##......##.###        
     #...........#...    .....#........#        
     #...........############.##...#.#.#        
     #...........'..........#........#.         
     ##'####.....##.[######.####.......#        
######.....+.....+...................#...       
#................###..#####...)..##..# ##       
#.#####.#####.[..###..#...#.˜...˜# ..#          
#.#(˜˜###˜˜(#.###........##˜˜..PP# ....         
#.#˜˜˜˜˜˜˜˜˜#.# #....##.####..P˜.#  ...         
#.#˜˜˜###˜˜˜#.# #....##.#..#P.PP##              
#.##˜##.##˜##.###....##[#..#˜..˜#               
#..#˜˜._.#˜'...##....##....#P.P##               
#.##˜##.##˜##..##....####.##                    
#.#˜˜˜###˜˜˜#.........)....#                    
#.#˜˜˜˜˜˜˜˜˜#......####..[##                    
#.#(˜˜###˜˜(#......#  #...#                     
#.#####.#####......####...#                     
#..................##.....#                     
#############......##.....#                     
            #......##.....#                     
            #########....##                     
                    #....#                      
                    ######                      
