        #####                           ###                      ### 
  #######...#####.                      #.########################.##
  ........555ooooo                      #............>.....o.o......#
  ########.#######                      #.########################.##
   #.......#..                          #.#                      #.# 
   #.#####.'.....                       #.# #.#        ###########.##
   #.#.....#.....                       #.# #.#        #......).....#
   #.#.###.#.....                       #.#.#.#        #.############
   #.#..##.# ....                ##+#####.#.#.#        #.#           
   #.......# ....                .........#.#.#        #.#           
##.#.##....#  ...                .........#.#.#        #.#           
...........#                     .........#.#.#        #.#           
##.#.......#######               .........#.#.##########.#           
 #.#.....#...........            .........#.#............#           
 # ##....#.########.#            ........................#           
  ...............[#.#            ......^.###############.#           
 #.#......<.###.#.#.#            ...........#.#        #.#           
 # #.#..#.....[...#.#            ##+#######.#.#        #.#           
   #.#..#.........#.#               #...#.#.#.#        #.#           
   # #..#..)......#.#               #.#.#.#.#.#        #.#           
     .  #.#.....#.#.###             #.#.#.....#        #.#           
    ..  #.............#             #.#.#.#.#####      #.#           
       .............#.#             #.....#.....#      #.#           
     #........####..#.#             #.....#..##.#      #.#           
     .##.######  #..#.#             #........###########.##          
       ##  ..##  #..#.#             #.###.##..............#          
           .˜˜#  #..#.#             #.# #.##############..#          
           #˜˜#  #..#.#             #.# #)#            #..#          
           #˜˜#  #..#.#             #.# #.# ############..#          
           #5˜#  #..#.#             #.# #.# #.............#          
           #˜.#  #..#.#             #.# #.# #.###########.#          
           #˜.#  #..#.#             #.# #.# #.#         #.#          
           #˜˜## #..#.#        ######'###.# #.#         #.#          
           #.˜l# #..#.#        #........#.# #.#         #.#          
           #˜˜.# #<.#.#        #.>......#.# #.#         #.#          
           ##˜.###..#.#        #..........###'#######   #.#          
            ##.)....#.#        ######'#.#.##........#   #.#          
             #####..#.#     #.#     #.#.#.##........#   #.#          
              #######.#     #.#     #.#.####........#                
              #.......#     #.#     #.#.#  #.....)..#                
              #.#######     #.#     #.#.#  #.(......# #              
              #.#           #.#     #.#.#  #<.......#.###            
              #.#           #.###   #.#.#  #........'....            
        #######.#           #.#.#   #.#.#  #........#.##             
        ........#           #.#'#####.#.#  ##+#+#+#.#...             
        ........#           #.........#.#   #.#.#.#.# ###            
        #######.#           #......####.#   #.#.#.#.#                
              #.#      ######......#.##.#   #.#.#.#                  
              #.#      #.............##.#   #.#.#.#       #.#        
              #.#      ########'#'#..##.#####.#.#.#       #.#        
              #.#             #.#.#..##...........#       #.#        
              #.#             #.#.#..########.#.###       #.#        
              #.#             #.#.#..#      #.#.#         #.#        
              #.#             #.#.#..###### #.#.#         #.#        
              #.####          #.#.#....>..# #.#.###########.#        
              #....#          #.#.##.####.###...............#####    
              ####.#          #.#.##.#........#.................#    
                 #.############.#  #.#.##.###.#################.#    
                 #.>............#  #.#....# #.#               #.#    
                 ################  #.###### #.#               #.#    
                                   #.########.###             #.#    
                                   #............#             #.#    
                                   ##########.#.###############.#    
                                           ...#.....÷...........#    
                                          #####################.#    
                                                              ###    
