Gertrixnas

Level 1 of the Dungeon
(0, 0, D:1)
  15 arrows
(13, -4, D:1)
  a +0 ring mail
(33, 16, D:1)
  a +0 ring mail
(39, -20, D:1)
  19 sling bullets
(41, -7, D:1)
  a +0 club

Level 2 of the Dungeon
(6, 11, D:2)
  a +0 mace
(12, -7, D:2)
  a +0 dagger
(17, 22, D:2)
  a +0 dagger
(24, 14, D:2)
  a +0 dagger
(24, 31, D:2)
  a +0 short sword

Level 3 of the Dungeon
(0, 0, D:3)
  a +0 club
(0, 2, D:3)
  an uncursed ring of attention
(9, -11, D:3)
  a +0 robe
(12, -6, D:3)
  a +0 dagger
(16, 0, D:3)
  a +0 chain mail
  a cursed +0 club
(18, -12, D:3)
  a +0 whip
(26, -45, D:3)
  a +0 trident
(31, -45, D:3)
  20 arrows
(35, -10, D:3)
  a +0 ring mail
  a +0 club

Level 4 of the Dungeon
(3, -15, D:4)
  a +0 troll leather armour
(9, -19, D:4)
  12 bolts
(11, 8, D:4)
  a +0 falchion
(14, 3, D:4)
  a +0 giant spiked club
(14, 9, D:4)
  a +3 leather armour
(22, -23, D:4)
  24 arrows
(26, -28, D:4)
  a +0 ring mail
(36, 2, D:4)
  a +0 trident
(40, -18, D:4)
  a +0 dagger
(43, -26, D:4)
  6 javelins
(44, -8, D:4)
  a +0 long sword

Level 5 of the Dungeon
(0, 0, D:5)
  an uncursed ring of positive energy
(1, 4, D:5)
  a +0 robe
(6, -3, D:5)
  a +0 scale mail
(10, -1, D:5)
  5 gold pieces

Level 6 of the Dungeon
(0, 0, D:6)
  a +0 hunting sling
(0, 11, D:6)
  a +0 giant club
(3, -1, D:6)
  a +0 falchion
(15, 5, D:6)
  a +0 chain mail

Level 7 of the Dungeon
(0, 0, D:7)
  a tomahawk
(1, 1, D:7)
  13 gold pieces
(4, 0, D:7)
  a tomahawk
(6, 15, D:7)
  a tomahawk
(35, 34, D:7)
  a +0 falchion
  (unseen)
(36, 11, D:7)
  the cursed +1 long sword of Thoughtfulness {freeze, Int+7 SInv}
    It has been specially enchanted to freeze those struck by it, causing extra
    injury to most foes and up to half again as much damage against particularly
    susceptible opponents. It can also slow down cold-blooded creatures.
    
    It affects your intelligence (+7).
    It lets you see invisible.
    It has a curse placed upon it.
(37, 24, D:7)
  a stone
(37, 25, D:7)
  3 stones
(37, 26, D:7)
  2 stones
(37, 27, D:7)
  a +0 dagger
  (unseen)
(37, 29, D:7)
  a +0 leather armour
  (unseen)
(38, 23, D:7)
  a stone
(39, 5, D:7)
  18 gold pieces
(39, 22, D:7)
  a stone
(39, 31, D:7)
  17 gold pieces
(40, 9, D:7)
  27 stones
(46, 28, D:7)
  a +0 whip

