           ####                 
          ##...##               
         ##...z.##              
         #.....z.#              
         #....z..############   
         #.....§.##.....#.....  
         ##.....##..............
         #......................
         #......................
         #........$.............
         ##.c...#...............
          ##...##...............
           #### #.(.............
                ##....$(.......#
                #.............##
          ###   #...###..)....# 
          ....  #)(..##.......# 
          .....###.#.##.......# 
          ............#.......# 
          .....##...#.#..>......
          ###   #z#..........c.#
             ####.#.#.#.........
        ######............      
        ..........#.#..###      
         #####....#.##..#       
             #...## ###.        
##############?..##..##..       
#........##....z.........       
#................##...?..       
#........z.###...#  .....       
#....?zz.#.# #####   .#..       
#.....?zz.[###        ).#       
#..............        ##       
#.........#####                 
#.....)...#                     
#........##                     
#######.##                      
      #.#                       
      #.#                       
       .#                       
       ..                       
       ##                       
