                          ###      ##############                 
                         ##.########............#                 
                        ##...........##########.#                 
                       ##.....########   ######.#                 
                       #.........#      ##...##.#                 
                       ##.....##.#     ##.###.#.#                 
                        #..<.###.#######.## ##..########          
                   ###  #.#...##......##.#   #.........#          
            ########.####..#..#######.##.## ##.#######.########   
            #...........#.#.#.####.<......###..#     #........#   
            #.####......#.###.##.....##.##...#.#     #...####.#   
            #.# #.........##...#.###.##.######.#     #.#.#  #.#   
            #.# ##...............# #.##.#    #.#     #.#.#  #.#   
            #)# #.......####...#.###.##.#    #.#     #.#.#  #.#   
            #.# #..........##.##.....##.#    #.#     #.#.#  #.#   
         ####.###..........##.####.#.##.######.#######.#.#  #.#   
        ##.................##.####.#...................#.#  #.####
       ##...)...........#.##.......#.###################.#  #....#
 #######.#.#.####.##..........######.##  ###     ###   #.## ####.#
 #........#.......##.####.##..........# ##.##   ##.#####..#    #.#
 #.###.###.###.#####.#  #.#...#######.###.#.#####.#.......#    #.#
 #.# #.# #.# #.#   #.#  #...#.#     #.##.###.....##...#...###  #.#
 #.###.###.###.#####.#  ###...#     #.###.#.#####.#..#.#....#  #.#
 #.##...##......<....#######..#     #.# ##.##   ##..#._.#.#.#  #.#
 #.##.##.#.#.######..[........#     #.#  #.#     #...#.#..#.#  #.#
 #.##.......##    #.########.##     #.#  #.#     #....#.....####.#
 #.##.._...##     #.#      #.#      #.#  #.#     #...............#
 #.##..8..>#      #.#      #.#      #.#  #)#     ##.####...##.####
 #.##.._...#      #.#      #.#      #.#  #.#      #.#  ######.#   
 #.##......#      #.#      #.#      #.# ##.#      #.#       #.#   
 #.#######.#    ###.###    #.#      #.###..########.#       #.#   
 #.####  #.#    #.....#    #.#      #.##............#       #.#   
 #....#  #.######.....######.###### #.##..###########       #.#   
 ####.#  #.........#..............# #.##..#                 #.#   
    #.###########.....###########.# #.##..##############    #.#   
    #.#...............#         #.# #.##..##...........#    #.#   
    #.#...............#         #.###.....##.#########.######.#   
   ##...#..#..#..#....#         #.........##.# #..............#   
  ##...#..#..#..#..#..#         #..#####..##.###.#####.######.#   
 ##......#..#..#..#..##         #..#...#..#...##.### #.#    #.#   
##......#..#..#..#...#   ########......#....#......###.######.#   
#......#..#..#..#..#.#   #................#...##.#............#   
##...................#   #.########..............#####.########   
 ##.....###.).###.####   #.#     ##......(##.#####   #.#          
  ##.>..# ##>## #.#      #.#     #.......###.#       #.#          
   ##.#.####.####.#      #.#     #.####### #.#       #.#          
    ###...........#      #.#     #.#       #.#########.#          
      ######.########### #.#     #.#       #...........#          
           #...g.......# #.#     #.#       #############          
           #...........###.#     #.#                              
           ###########.....#     #.#                              
                     #.###########.#                              
                     #.............#                              
                     ###############                              
