Gralitus

Level 1 of the Dungeon
(0, 0, D:1)
  7 sling bullets
(2, 2, D:1)
  18 stones
(9, 28, D:1)
  10 stones
(9, 30, D:1)
  22 bolts
(10, 28, D:1)
  a +0 dagger
(13, 20, D:1)
  a +0 club
(17, 9, D:1)
  a +0 centaur barding
(17, 17, D:1)
  5 large rocks
(20, 32, D:1)
  16 stones
(21, 19, D:1)
  a +0 whip

Level 2 of the Dungeon
(0, 0, D:2)
  a +0 club
(7, 18, D:2)
  a +0 chain mail
(19, 24, D:2)
  13 stones
(29, 17, D:2)
  a +0 club
(32, -13, D:2)
  a +0 leather armour
(34, -2, D:2)
  a +2 quarterstaff of chaos

Level 3 of the Dungeon
(2, -25, D:3)
  a +0 dagger
(2, -4, D:3)
  a +0 leather armour
(20, -43, D:3)
  a +0 whip
  a +0 whip
(25, -37, D:3)
  a +0 flail
(31, -17, D:3)
  a +0 spear
(31, -16, D:3)
  18 stones
(32, -25, D:3)
  a +0 spear
  a +0 club
  a +0 flail
(32, -24, D:3)
  a +0 trident
  a +0 ring mail
  a +0 shield
(32, -23, D:3)
  a cursed -1 spear
(32, -22, D:3)
  a +0 flail
  a +0 club
  a +0 spear
  a +0 club
(33, -26, D:3)
  a +1 halberd of venom
  a +0 halberd
(35, -38, D:3)
  a +2 whip of venom
(37, -43, D:3)
  a +0 halberd
(42, -32, D:3)
  a +0 whip
  a +0 robe
(42, -31, D:3)
  a +0 whip
(45, -34, D:3)
  a +0 whip
(46, -36, D:3)
  a +0 halberd
(47, -36, D:3)
  a +0 halberd
(49, -41, D:3)
  a +0 whip
(51, -43, D:3)
  a +0 flail
(51, -42, D:3)
  a +0 whip
(51, -34, D:3)
  a cursed +0 club
  a +0 club
(51, -33, D:3)
  a +0 spear

Level 4 of the Dungeon
(0, 0, D:4)
  a +0 halberd
(1, 1, D:4)
  a +0 whip
  a +0 spear
(19, -2, D:4)
  a +0 ring mail
(28, 35, D:4)
  9 sling bullets

Level 5 of the Dungeon
(0, 0, D:5)
  16 gold pieces
(7, -1, D:5)
  a hound skeleton
(13, 36, D:5)
  22 stones
(17, 21, D:5)
  12 stones
(24, 13, D:5)
  2 throwing nets

