                               ##   ####                           
                               #..   ..#                           
                                 ..  #.#                           
                                  #.##.###                         
                                  #......#                         
                               #  ####.#.#                         
                               #.#####.#.######                    
                               #.......#......#                    
                               ####.#########.#                    
                               ####'###     #.#                    
                               #..+_'.#     #.#                    
                               #..#'#.# #####.####                 
                               #......# #........#                 
                         ..#####.....## #.#####..#                 
                          #..........#        #..#                 
                          #.#####..###        #..#                 
                          #.#####..###  #     #..#                 
                          ...........#  #.#####..#                 
                       ##.#.#..#.....#  #........#                 
                       .....#..#.....## ####.############          
       ###         #######.[..<.......#   #.............###        
########.#         ......#..##........<####..####.#.......#        
#§§§§§§..#          .....#.  ##..............#.......##.#.#        
#§#####§.#    #######....#    .......######.##.##.#.....#.####     
#s##..§..#.   #.....#s...#   ####...##   #........#.##......(#     
#a##.##.##..  +.b!.s†....#      #...#    #.......(......#.##.#     
#§§..§.§# ... #...b.#)...# #.#  #...#    #........#.......##.#     
##....a.# ....#######....###.#  #...#    #..##.#..##########.#     
 #.#.##.# ..........aa...#.#.#  #...#    #.....#..#       ##.######
 #.#.##.##........(......#...#  #...#    #...###..#########.......#
 #..#....# ######a########...####...######...##...##.....##.)####.#
 #.#..#..# #......#.#......<.....>.................#.....##.......#
 #......a# #.......##.............[..........#...........##.##....#
 #.#..##.# #.....##.#........................#...>.#.....##.##.##.#
 #.#.## .# #.....###a#.......####...########.##...##.....##.##.##.#
 #.#.###.# ####### #a##.....##  #...#      #.##############.......#
 #.......#         #a###...##   #...#   ####.####         ####.####
 ###.#######       #.# #####    #...#####.......#            #.#   
   #a......#########.#          #......##.#####.###########  #.#   
   #.#####.##aa.a.a.s#   ##?#####..P.P....#   #...........#  #.#   
   #....##.##(########   #.........._...#.#   #.#########.####.#   
   #.##a##.##.#        ###?n?###...P.P..#.#   #.#       #......#   
   #.##.a..aa.#       ##>#..####.#......#.#####.#       ########   
   #.......####      ##.#..?#.........#.#.......#                  
   #########        ##.....##.##.#.##.#....######                  
                   ##.......#.##.#.#.......#                       
                   #.#.....#....<#.........#                       
                   ##.......######.######..#                       
                    ##.....##   #..........###                     
                     ##.#..#   ###.###.......###                   
                      ##.#.#   #.....#.##...)..#                   
                       ###.#   #.....#.##.##.#.#                   
                         #.#   #.....#.#.......#                   
                         #.#   #.....#.#..#..#.#                   
                         #.#   #.....#.#.......#                   
                         #.###########.......#.#                   
                         #.#......#  ###.##.##.#                   
                         #.#.####.#    #.##.##.#                   
                         #......#.#    #.......#                   
                         ###.##.#.#    ####.####                   
                           #......#########.#                      
                           ####.............#                      
                              ###############                      
