                                                       .       
        #########           ########     #############.        
        #.......#           #......#     #............  #      
        #.......#           #......#     #..........#  !#      
        #.......#           #......#     #.)........##.##l#    
        #.......#####  ######......#     #.........s......l    
  ##    #...........#  #...##......#     #...........#         
###.########........#  #...##......#     #...........#$.. #(.# 
#...................#  #...##..)...#    ##.............#  #..# 
#...................####...##......#    #...()..g...#..#  #..# 
#..>.......................##......#    ##..........#..#   ..# 
#...........#+#########....##......#######.............#   ... 
#...............#     #.....#................####..#..##   #.# 
#...............#     #.....#####.######.....#  #..#..#    #.# 
###.########....#  ####....^.####.######.....####..#########=# 
  #......).'....+ ........†.........gK(†..................>#.# 
  ####.#####....# .####.####...##.######.....####.######.###.# 
     #..#  #....# .#  #........##.#    #......#  )...........# 
     ##.##########.##########..##.#    ######.#  #######'##### 
      #.##...............   #...#.#     #.....#     #.......#  
      #.#.#.......#.......  #...#.#     #.....#######.(...(.#  
      #.#..#...#...#.....#  #...#.#     #...........#.......#  
      #.#...#...#...#...#   #...#.#     #...........+...(...+  
      #.#....#...#...#.# .  #...#     .............##.......#  
      #.#.....#.#.#...#...  #...#     ##.###.......##.(...(.#  
      #.#..#...#...#...#    #...#      #.  #.......##.......#  
      #.#...#.#...<.#       ....#      #   #........####'####  
      #......#.....#.#                    ##.....#####.#.#     
      ###.....#...#...#                   #......#   #.#.######
        #.....##.....##                   #.....######'#......#
        #....#..#...#..                   #....†...........##.#
        #...#....#.#....                  #................##.#
        #..#..... #.. ..                  #................##.#
        #.#......   .. ..                 #...................#
        ##.......                         #................####
                                          #................#   
                                          #.....############   
                                          #.....#              
                                          #.....#              
                                          #######              
