           ##########                  
           #........#                  
           #........#                  
           #.(.>..(.#                  
           #.......<#                  
           ####.###..#            .#.. 
            ###.# ##.#            .#.##
            #...#   .#           #.....
            #.###   .#   #.#   ##.....#
            #.#     .#   #.#   #..P.P.#
            #.#     .#   #.#  ##..._..#
           ##.#    #<    #.# ##..wP.P.#
         ###..##   #..####.###..#.....#
        ##.....#......=..#....†#####.##
       ##.............##....#######  # 
       #...............##..........    
    ####.................<........#    
    #......(...........###.#......#    
    #..................#...#......#    
#####....................###......#    
#.....................÷### #.......    
#.########.....#......##   #.......    
#...##  ##..##.......##    #####...    
#.#..####...##.###.#...#        .##    
#..............# #.###.#         #     
#..'########+..# #.#  .#               
#..#........#.## ..#   .               
#..#.'####+ #.#  .##   ..              
#..#.#....# #.. .#                     
##.#.#.##.# #.# #                      
 #.#.#.##.# #..                        
 #.#.#....#                            
 #.#.'####+                            
 #.#........                           
 #.'########+.#                        
 #............#                        
 ########......                        
         ..####                        
         ###                           
