                                                      ***         
                  ********                 ********  **,**        
    *********     *,,,,,,*                 *,,,,,,* **,*,*********
*****,,,,,,,*******,****,*               ***,****,***,***,,,,,,,,*
*,,>,,,,,,,,,,,,,,,,,,,*,*               *,,,,,**,*,**,*,*******,*
*,**,,**,,*,****,,,,**,*,****            *,,,,,**,,,,**,**     *,*
*,**,,,*,,*,* *,,,,,**,,,,,,*            *,,*,,,*,,,,,,,,*     *,*
*,**,,,,,,*,* **,,,,****,**,*            *,,,,,,,,,,,,,,,*     *,*
*,**,,,*,,*,*  **,*,****,**,*            *,,,,,**,*,**,,,*     *,*
*,,,,,,,,,*,*   *,*,,,,,,**,*            ***,,,,,,*,****** *****,*
*,,,,,,,,,*,*   *,*********,*******      *,,,,,,,**,*      *,,,,,*
*,,,,>,,,,,,*  **+**      *,#.....#   ****,*,***,**+**     *,*****
****,,,****** **,,,**     #.#.....#   *,,,,,,* *,*,,,**  ***,*    
   *,,,**    **,,,,,**    #.......#   *,**,*** *,,,,,,** *,,,**   
   *,,,,**  **,,,,,,,**  ##.#.....#   *,*,,*  **,,,,,,,***,,,,**  
   **,,,,****,,,,,,,,,*###...>....##***,,,,****,,,,,,,,,**,,,,,** 
    *,,,,,,,+,,,,,,,,,+............,,,,,,,,,,,,,,,,,,,,,,,,,,,,,* 
    *,,,,****,,,,,,,,,***#.....#.#*,***,,,,****,,,,,,,,,<,,,,,,,* 
   **,*,**  **,,,,,,,**  **,#.gg.#*,* *,,,**  **,,,,,,,,,,<,,,,,* 
   *,,,**    **,,,,,**    **##g###*,***,,**    **,,,,,****,,,**** 
  **,*,***    **,,,**        #.#  *,,,,,,*      **,,,**  *,,,*    
  *,,*,,,*******#+**         #5#  *****,**       **+**   *,,,*    
  *,,,,,,,,,,,* #.#          #.#      *,********* *,*    **,**    
  *,,****,,,,,* #.#          #.#      *,**,,,,,,* *,*     *,*     
  *,,*,,*,,,,,*##.##         #.#      *,**,****,***,****  *,*     
  *,,*,,*****,##...########  #.#      *,**,* *,,,,,,,,,*  *,*     
  *,,*,,,,,,*,#...........#  #.#      *,**,***,,*,,,,,,*  *,*     
  *,,*,**,,,#.##....#####.#  #.#      *,,,,,,,,,,,,,,*,*  *,*     
  *,,*,,**,*#.......#   #.####.##     ****,***,,**,,**,****,*     
  *,,*,,,*,,#.###.#.#   #.......##       *,* *,,**,,,,,,,,,,*     
  *,,*,,**,,#.# #.#.#   #.#####..#       *,***,,***,**,******     
  *,,*,,,,,,#.# #.#.#***######...#       *,,,,,,***,**,*          
  *,,,,,,*,,#.# #.#..,,,##P8{##..#       *****,,,,,,,,,*          
  *,,,,,,*,,#.# #.###***#..KKK#..#           ******,********      
  *#.#,,,*˜˜#.# #.#    *!.###K+..#      ********* *,*,,,,,,*      
   #.#,,,***#.# #.#    *[,,.KW+..#     **,*,*,*,***,*,****,*      
   #.#,,,*,,#.# #.######.K###K+.##     *,,,,,,,,,**,*,****,**     
   #.#,,,*,,#.###.#....##.....#.#      **,,,,,,,*,,,,,,,,,,,*     
   #.#,,,,,,#.......######P8P##.#      *,,,,,,,,,,*,,,**,*,,*     
   #.#,*,,,,#..#...##    #####..#      **,,,,,,,**,,,,**,*,,***   
   #.########.#.<...# ####...####      *,,,,,>,,,,,,,,**,,,,,,*   
   #..........##...## #.......#        **,,,,,,,**,,,,,,,,,,*,*   
   ##..##.###.###.##  #.###.#.#        *,,,,,,,,,**,,,,,,,,,*,*   
    ##........# #.#   #.###.#.#        **,*,*,*,***,*********,*   
     ##.....### #.#   #.....#.#         ***,***,* *,*       *,*   
     ##.....#  ##'##  #..####.#           *,* *,***+**      *,*   
     #......# ##...## #..####.#       *****,***,,,,,,**    **,**  
     #......###.....###.......#       *,,,,,,,,,*,,,,,**   *,,,** 
     #......##.......###.##.###       *,,,,,***,,,,,,,,**  *,*,,* 
    ##...####.........[......##########..),****,,,,,,,,,****,,,,* 
    #.......+.............................,,,,+,,,,,,,,,+,,,,,,,* 
   ###...####.<.......##.#...##########...,,***,,,,,,,,,****,,,,* 
   #.......###.......###.##.##        *,*,*,* *,,,,,,,,**  **,*,* 
   #.#.###.# ##......###....#         *,***,***,*,,,,,**    ***,* 
  ##.#.###.#  ##...#........#         *,,,,,,,,,**,,,**       *,* 
  #........#   ##'#########.#         *****,*******+*******   *,* 
  #..#.##..#    #.#       #.#             *,*     *,*,,,,,*   *,* 
  #........#    #.#       #.#             *,*   ***,*,***,*** *,* 
  ##.#.###.#   ##.##      #.#             *,* ***,*,,,,,,,,,***,* 
   #.......#  ##...##     #.#             *,* *,,,,,,,*,,,,,,,,,* 
   ###.#####  #.....#     #.#             *,***,,,,,,,,,*,*,***** 
     #.#####  ##...##     #.#             *,,,,,,,,,,,***,*,*     
     #.....#   ##.#########.#             *****,*,*,,,,,,,,,*     
     #####.########.........#                 *,,,,,*,,,,,***     
         #..........#########                 *************       
         ############                                             
