Helmie

Level 1 of the Dungeon
(0, 0, D:1)
  a +0 hunting sling
(1, 0, D:1)
  16 stones
(13, -18, D:1)
  a stone
(14, -18, D:1)
  a stone
(15, 2, D:1)
  a stone
(20, -18, D:1)
  a +0 whip
(21, 20, D:1)
  7 stones
(27, 31, D:1)
  a +0 club
(29, 10, D:1)
  a +0 leather armour
(35, -18, D:1)
  a +0 dagger
(43, 6, D:1)
  a stone
(45, 9, D:1)
  a +0 whip
(48, 7, D:1)
  a +0 club
(59, 5, D:1)
  a +0 robe

Level 2 of the Dungeon
(0, 0, D:2)
  13 stones
(4, 10, D:2)
  a frilled lizard corpse (skeletalised by now)
(9, 26, D:2)
  a stone
(13, 33, D:2)
  a stone
(16, 30, D:2)
  a +0 short sword
  a kobold corpse (skeletalised by now)
(20, 15, D:2)
  a +0 whip
(24, 10, D:2)
  a +0 club
  a +0 robe
(25, 16, D:2)
  a cursed +0 dagger
  a +0 hunting sling
  16 stones
  a +0 dagger
(32, 8, D:2)
  25 stones
(34, 9, D:2)
  a +0 whip
(37, 5, D:2)
  a +1 spear of piercing
(39, 9, D:2)
  a cursed -1 club
(50, 13, D:2)
  a +0 whip
(52, 5, D:2)
  a +0 trident
  a +0 scale mail
(53, 0, D:2)
  17 bolts

Level 4 of the Dungeon
(0, 0, D:4)
  a +0 ring mail
(1, 2, D:4)
  a cursed -1 short sword
  a jackal skeleton
(4, -19, D:4)
  11 gold pieces
(7, 0, D:4)
  8 gold pieces
(9, -19, D:4)
  a ration
(21, -12, D:4)
  a potion of haste

