Llundug

Level 1 of the Dungeon
(0, 0, D:1)
  a +0 short sword
(3, 9, D:1)
  a +0 dagger
(5, 9, D:1)
  a +0 shortbow
(13, -13, D:1)
  a +0 dagger
(19, -9, D:1)
  a +0 short sword
(21, -10, D:1)
  a +0 club
(25, -11, D:1)
  a +0 hunting sling
(26, -16, D:1)
  a +0 mace
(27, -7, D:1)
  a +0 short sword
(30, -21, D:1)
  a +0 ring mail
(30, -15, D:1)
  a +0 short sword
  a +0 dagger
(31, -16, D:1)
  a cursed -3 club
(37, -28, D:1)
  a +0 dagger
(48, -23, D:1)
  a +0 club

Level 2 of the Dungeon
(0, 0, D:2)
  a +2 cloak
(1, 29, D:2)
  15 poisoned needles
(3, -2, D:2)
  a +0 club
(4, 28, D:2)
  5 needles of paralysis
(13, -4, D:2)
  a +0 dagger
  a +0 hunting sling
(13, -1, D:2)
  a +2 dagger of pain
(23, 20, D:2)
  23 bolts
  a +0 short sword
(29, -10, D:2)
  a cursed -2 club
(37, 24, D:2)
  a +0 ring mail
(49, -8, D:2)
  a +0 club

Level 3 of the Dungeon
(0, 0, D:3)
  a +0 club
(14, -22, D:3)
  18 poisoned needles
  a cursed -1 blowgun
  a +0 whip
(20, 15, D:3)
  a +0 dagger of venom
(30, -6, D:3)
  a potion of berserk rage
(33, 15, D:3)
  a +0 club
(35, 15, D:3)
  a +0 scale mail
(38, 11, D:3)
  a poisoned needle
(38, 12, D:3)
  a quokka corpse
(39, -7, D:3)
  a scarf of spirit shield
(39, 12, D:3)
  a +0 club
(40, 7, D:3)
  a +0 blowgun
  a kobold corpse
(56, -25, D:3)
  19 stones

