           ##########           
########   #........#          .
#......### #........#         ..
#......'.###.......>#        .).
#......#..##........#       ....
#......##..'........###    .)...
#......#####........'.####s.....
#......#   #........#...oyyY....
#####'##   #........######yl....
   #<.#    #######+##      .o...
   #.##                     ....
   #.#                       ###
   #.#                          
   ..#                          
   ###       ##########         
             .........#         
             .......<Y####      
             .......YYY.y#      
             .......YY##ryFl.o. 
             .Y.......# ##or.oP 
             .........#    .PP. 
             ##########     .PP 
                             PP 
                              P 
                                
                                
                                
                                
                                
                                
                                
                                
                                
                                
                                
                                
                                
                                
