                #####################                                  
                #...................#                                  
       ##########.#################.#                                  
       #..........#               #.#                                  
       #..........#       #########.######                             
       #..........#       #.......<......#######                       
       #..........#       #..............##....#                       
       #..........#########.................##.#          ###          
       #..........#...............#..........#.############.#          
       #..........#.##########.#.....#.........#............#          
  ###############.#.#.[..#   #.#.....#.####.####.##########.#          
  #.....#       #.#.#.##.#####.#.....#.#  #....#.#        #.#          
  #.....#    ####.#.#.#.....##.#.....#.#######.#.#        #.#          
  #.....######............................)...>#.#        #.#######    
  #.....'....535..#.#.....#.##)#<...........####.#        #.......#    
  #.....######.####.#####.#.##.#####.#.###..#  #.#        #######.#    
  #.....###...54....#####.#.##.#.....#.###..#  #.#              #.#    
  #.....'.....>.........................##..#  #.#         ######.##   
  #.....###.############.....#...#####..##..#  #.#         #.......#   
  #.....# #.#          #.....#...........#..#  #.#         #.####.##   
  ####### #.#          #.....+....######.#..####'###       #.#  #.#    
    #######.#          #.....#...####  #....##....[#       #.#  ###    
    #.......#          #............#####...##...^.#       #.#         
    #.##################.....................#.....# #######.#         
    #.#............................####.####.#.....# #.......#         
    #.#.##....##########.....#...#.##.....##.#.....# #[#######         
    #.#.##....#        #.....#...#.#.......#.#.....###.#               
    #.#.......#        #.....#.....#.......#.#.......#.#               
    #.#.......#        #.....#........._.....###+#.#.#.#               
    #.#.#.....#   ############...#.#.......#.# #.#.#.#.#               
 ####)#....####   #.......#  #####.#.......#.# #.#'#'#.##              
 #...))....#      #.......#      #.##.....##.# #..<.....#              
 #.........#      #.......#      #.####.####.# #........#              
 #.........#      #.......#      #...........# #..).....#              
 ####.###.##      #....####      ###.##..#...###........#              
    #.# #.#       #....#         ##..###.......'........#              
    #.# #.#       #....#         #...)........##........#              
    #.# #.#       #....#         #..........#.##.....[..#              
    #.###>#       #....#         #.............#........#              
    #.....#       #...(#         #...........#.#........#              
###################....###########...........#.#........#              
#............#...................+...........#.#####+#+################
#.##########.#.####....###########.............##  #.................<#
#.#..........#.#  ###########    #..........#..)######.################
#.#.##########.#      #.....#### ##....................#               
#.#.#        #.#      ###......#  ############..########               
#.#.#        #.#        #.####.#  #............>#########              
#.#.##########.######   #.#  #.#  #.#########...........#              
#.#.................#  ##.## #.#  #.#    #..).......###.#              
#.#################.####...###.## #.#    #.##.#####.###.#              
#.#               #......_......###.#    #.##.#   #.....#              
#.#####           ##.###...####.....#    #.##.#   #######              
#.....#            #.# ##.##  #####.######.##.#                        
#####.#            #.#  #.#       #........##.#                        
    #.#            #.####.#       ###########.#                        
    #.##############......###               #.#                        
    #...................#.#.#               #.#                        
    #####################...#               #.#                        
                        ###.#################.#                        
                          #..........†........#                        
                          #.#################.#                        
                          #.#               #.#                        
                          ###               ###                        
