                     .           
                    #  #      .. 
                    ..#         .
                            #..# 
                      .         #
                       # #.  .   
                  # .     .#     
                 # . .    .      
                 ..#.. #  #.     
                 ## #  .   ..#   
       # #.      ##. ..... #     
        ...    ### #. #..  #.    
         .. # ##. # # #. .  # #  
         #.  .#.t  #. . #   .    
     #..# ..#....X..t.#§ .    #  
       # .. ##.####.#..... #     
    .# .# #...## ##.V(.. ##.#    
     ..#.##..##  ##. #    .##    
      #..#.#.##..## # .## ...    
      ##..#.. #... ...    ###    
  ### #.#...##.##... ..#         
   ..##.#.......#...#  .         
 # ##.##.#X. #...##.## # .. .    
##.#.#.....##  #.....   .        
.....#...#.#   .###.             
    #..t#..#     ##  #           
    ##.##..#                     
   ##.######                     
   #.##                          
   ###                           
