         ###########                                                
         #.........#                                                
         #.#######.#                                                
         #.#######.#                         ###########            
    ######.##......#   #########      ########.........#            
    #..........###.#####.......#      #..........#.#.#.#            
    #.####.##............#####.#      #.######.###.....#######      
 ####>####.##.##.....#####   #.#      #.#    #.# #...........#####  
 #..................##       #.##  ####.######.# ##....####......#  
 #.##.###.########.##        #..#  #........##.#####.#.#  #..###.#  
 #.##.###.#      #.#         ##.#  #.##.###.##.........#  #..# #.#  
 #.##.....#      #.#          #.#  #.##.# #.########.###  #..# #.#  
 #.##...#.#     ##'##         #.#  #.##.# #.#     ##'##   #..# #.#  
 #.##.....#    ##...##        #.#  #.##.# #.#    ##...##  #..# #.#  
 #.####.#.##  ##.....##    ####.#  #.##.###.#   ##.....## #..###.#  
 #.........# ##.......##  ##.##.#  #........#  ##.......###......#  
 #.........###.........####...#.#######.#...####.........###....##  
 #.###.......'.........'.......................+.........+.......#  
 #.# ##....###.........####...#.#######.#...####.........###....##  
 #.# #...#.# ##.......##  ##.##.#     #.##.##  ##.......####.#.##   
 #.# #.###.#  ##.....##   #.....#     #.####    ##.....####..###### 
 #.# #.# #.#   ##...##    #.#####     #.######   ##...####........# 
 #.###.###.#    ##'##     #.#        ##......#    ##'#.....©......# 
 #.........#     #.#      #.#       ##>#.....#     #...#########..# 
 #####.#####     #.#      #.#       #.##.....#     #..##8$._..8##.# 
     #.#      ####.####   #.#       ##.#.....#### ##..#..)?.....#.# 
     #.#      #<......#   #.#        ##.........###...#.#....h#.#.# 
     #.#    ###.......#   #.#         ####..###.##....#..#...#..#.# 
     #.######...#...#.#####.#            #............#.....gY.©#.# 
     #..........##..........#            #....<.##.#..#..#.w.#..#.# 
     ########.......#.#######            ##.##..##.#..#.#..©..#.#.# 
            ###.##.##.#                   #.##........#....?....#.# 
              #.##.##.#                   #.....##.#..##8.....8##.# 
            ###.......#                   #........#...#########..# 
            #........######               ##########.#.....©.....## 
            #.####.#.##...##                       #.#####...#####  
#########   #.#  #.#.#.....##          ##########  #.#   #..##      
#.......#####.####.#........#####     ##........#  #.#  ##.##       
#.###..............(............#     #.....###.#  #.#  #..#        
#.# #...###.#.####.#........###.#     #..##.# #.# ##.## #.##        
#.# #...# #.#.###....#.....####.##### #..##># #.###...###.#         
#.###...# #.#.##.....##...## #......# #..##.###.##.(......#####     
#.......# #.#........######  #..###.# #.).......###...#####...#     
######..# #.######.###       #..###.# #.###.#######...........####  
     #..###.#    #.#         #...##.###.###..........#####.(.....#  
     #......#    #.#         #.#.##.#.......########.#   #.#.###.## 
     ##.#####   ##'##        #.#.##.#.#.###.#     ##+##  #.#.##.#.##
      #.#      ##...##       #.#.##.#.#.# #.#    ##...## #.#...###.#
      #.##    ##.....##    ###......#.#.###.#   ##.....###.####.#.##
      #..##  ##.......##  ##.###.####.#.##..#  ##.......##.###.#.## 
     ##...####.........####...##.####.#.#...####.......÷.#.......#  
     #.......'<........'.......................+.........'....(..#  
     ##...####.........####...##.######.#...####.........####....#  
     ##..##  ##.......##  ##.###.#   #...#.### ##.......##  ##.#.#  
     #..##    ##.....##    ###...#   #.#.....#  ##.....##    ###.#  
     #.##      ##...##       #.###   #...###.#   ##...##     ##..#  
     #.#        ##'##        #.#     ##### #.#    ##'#########...#  
     #.#         #.#         #.#          ##.##    #.........##.##  
     #.#         #.#  ########.#         ##.#.##   #..######.##.#   
     #.#        ##.## #........#        ##.###.## ##..#    #.##.#   
     #.#       ##...###.########       ##.## ##.###...######.##.#   
     #.#       #.....##.#####          #.##   ##.#.....#........#   
     #.##########...........#          ##.## ##.......##.###.####   
     #..........##..###.###.#           ##.###..###...##.###.#      
     ##########.###.###.# #.#            ##.#.#..............#      
              #.........# #.#             #..######.##########      
              #####.#######.#             #.........#               
                  #.........#             ###########               
                  ###########                                       
