                                                 #####             
                                                 #...##            
                                                 #.#..#            
                                                 #..#.#            
                         #################       ##.#.#            
                         #...............#   ######.#.#            
                         #.#############.#   #...PP.#.#            
                         #.#           #.#   #.P.PPP..#            
                         #.# ###########.#####.PP_PP.##            
                         #.###.............#...P.P.P.##            
                         #...........###.#.#....PPP.+<#            
                      ####.#.#.........#.#.#.........##    ####### 
                      #....#.#.........#.#.#........##     #.....# 
                      #....#.#.........#.#.#........#      #.###.##
                      #....#.#.........#.#.#........#      #......#
                      #....#.#.#####+###.#.#........############.##
                      #....#.#.#   #.# #.#........................#
                      #....#.#.#   #.# #.####'##################.##
                      #....#.#.#####.###.#........#            #.# 
                      +..................>........#            #.# 
                      #...#..#.#####.#.#.#........#            #.# 
                      #...#.....#  #.#.#.#........#            #.# 
                      #####...######.#.#[####.################ #.# 
                    #.#####............#.....................# #.# 
                    .........#.......########.##############.# #.# 
                    .........+..................######.#   #.# #.# 
.....#......#..     ##..###.##.......########.#.#......#   #.# #.# 
.........$.....#     ##   #.########.#      #.#.#.####.#####.###.# 
................#   ###.# #.###...##.#      #.#.#.#..............# 
.....#......#.... ....... #..........#      #.#.#.#.#.######.###.# 
.......%.......# ........ #.###....#.#      #.#.....#.#....#.# ### 
.......#..#..............##)# #....#.########.###.###.#.##.#.#     
......O......###..........#)# #....#...........##..........#.#     
........................#.#)# #....#.##.#####..#...........#.#     
######..........#  #......#.# #....#.##.#...#..#......#.##.#.#     
     #..........#  #........###....#.##.#.#.#..#..#.<...##.#.#     
     #...†......#  #........#......#.##.....#..#..########.#.#     
     #..........#  #...)...>#....#.#.####.###..#.............#     
     #..........#  #......###....#.#.#  #.# #..#.#########.###     
     #..........#  #......# #....#.#.#  #.# #..#.# #.......#       
     #..........#  #......# #....#.#.#  #.# #..#.# #.#.....####    
     #..........#  #......# #....#.#.####.# #..#.# #.#.###....#    
     #..........####......# ######.#......######.# #.#..#####.#    
     .....................#      #.>........###########..#  #.#    
     ...#######...........#      ##########.#WS˜˜˜˜   #..#  #.#    
     ...      #...........#         ........+Sr˜˜)˜  ˜+..#  #.#    
              #...........#         ........#l˜˜˜˜˜ ˜˜#.##  #.#    
              #...........#         ........######### ###   #.#    
              #...........#         ..........#.##.#        #.#    
              #...........#         ..........#.##.#        #.#    
              #...........#         ..........#.##.#        #.#    
              #...........#         ..........#.##.#        #.#    
              #...........#         .)........#.##.###.######.#    
              #...........#         ..........'...............#    
              #############         #.........#....###.#####..#####
                                    #############.................#
                                                #..###.#####..##.##
                                                #.#...........##.# 
                                                #.#.##.####÷..##.# 
                                                #.#..#.#  #...##.# 
                                                #.#..#.#  #...##.# 
                                                #.##..<####...##.# 
                                                #.####........##.# 
                                                #.##########..##.# 
                                                #................# 
                                                #.##########.###.# 
                                                #.#        #.# #.# 
                                                ###        ### ### 
