                       ,,                    
                      ,             , ,      
                                   ,         
                   ,   ,   ,                 
                      ,     ,  *             
                        *           ,        
                       ,,               ,,   
       ,       ,      ,                      
     ,,,                     ##.*   .)    *  
         , ,    ,        #    ..   *.#    *  
                         ..   #.*###.####### 
    ,                  , ...  #.##.....#...# 
                         .... #..#.......... 
                         (....##............ 
      ,               ,  ..o.<.............. 
             .. , #..#  ,      #.......$.... 
       ,     #.. ##>.###,,*    #.##.[....... 
            ##..##....., ,     #.###.......#*
            ..........# *      #.#.....##### 
            ......a...#        #......##     
     ,     ,..........#      ###.#....#      
    ,       ..........########.a.#...##      
        ,   .......<.........†.......#       
            ..........########.###...#       
          , ........).#     #..# #...#       
            ...........######.####.a.#       
     ,  ,,  ..................  #.†..#       
            ..........###....#  #.####       
      *     ###........  *##.####.#          
          ,   #......###   #....†.#          
               ,       ..#####*!###          
     ,       *         ..Z.....##            
       ,        ,      ##.......$.#          
    ,    ,,   *         ##....#..a#* *  *    
                         #.... #....  , ,  , 
       ,         *       #....  ##### ,,   , 
    ,                    #....      * ,      
            ,            #####          *    
