                      ##########                              
                     ##........#                              
#####            #####...#####.#############                  
#...############ #˜§˜#...#...#....<........#                  
#..............# #§˜§#...#...#############.#                  
#...##########.# #§§?#...#...#           #.#                  
##.##        #.# #§§§#...#.#.###  ########.#                  
 #.#         #.###?§˜#...#w..#.#  #.....##<#                  
 #.#         #...#§˜˜#...#...#.####.....##.#                  
 #.#         #####§.§#...#s..#..........##.#                  
 #.#             #§§§#._.##s.######.....##.#                  
 #.#             #§˜?#...#s..#..........##.##                 
 #.#             #˜˜˜#...#s..#####.##.......#                 
 #.#             #?k.#...#sss#   #.........##                 
 #.#             #˜St#...#ss.#   #.<########                  
 #.#             #§tt#...#ss#### #>.#                        #
 #.##            #?§t#...##s.#<# #..#                       (#
 #..#            #§§t#...#s#.#.# #..#                   ####.#
 ##.##################...#####.# #..#                   #.#..#
  #.#.............(# #...#   #.# #..#################   #...# 
  #.#.############.###.#.#   #.###..##........... ..#   #.#   
  #.#.#          #.....#.#####.............####.# #.#   #.#   
  #.#.#          ###.###............##.##...#...# #.#   #S#   
  #.#.#     ########.# ############.##.##...#.#.###.#####.#   
  #.#.#     #........#            #.##.##...#.#.........w.#   
  #...#     #.########            #.##>.........#.##.######   
  ##..#     #.#                   #.............#......       
   #..#     #.#                   ####..........####.###      
   #..#     #.#                    .........###.#  #.#        
   #..#     #.#                   ..........###.#  #.#        
   #.##     #.#                   #.##..........#  #.#        
   #.#      #.#                   #. ####...#####  #..        
   #.#      #.#                   #    ##...#                 
   #.#      #.#                   #.#  w....#                 
   #.#      #.#                   .....###{[###########       
   #.#      #.#                   !..........#.........       
   #.#      #.#                   .....###..˜?.########       
   #.#   ####.#                   .........˜˜˜.###            
   #.#   #....#                   # .......˜˜˜...#            
   #.#   #....#                     ..####.P˜˜...########     
   #.#   #...##                     .    #..P............     
  ##)######.#######               #...#  #.###.#.########     
  #................               #...#  #..##.#.#####        
  #.#######.#######               #...#  ##.##.......#        
  #.#     #.#                     #...#####.####.###.#        
  #.#     #.#    #########.       #................#          
  #.#     #.#    #.........    #.##...#.##..#.##.#.#          
  #.#     #.######.#######.    #......#.##.....#.#.#          
  #.#     #........####           #.........)....# #          
  #.#     ######......#           #.###.##.....###            
  #.#          #.####.#          ..   #.##..#.......          
  #.############.#  #.#         ##    #.##..######.#          
  #..............#  #.#               #.##(.#                 
  ################  #.#        ###### #.##†)######            
                    #.#        .....###.##........            
                    #.#############.>.......######            
                    #...)...........^).[#####                 
                    #####################                     
